digraph add_uncurry {
  margin=0
  compound=true
  rankdir=LR
  node [shape=Mrecord]
  edge [fontsize=8,fontcolor=indigo]
  bgcolor=transparent
  nslimit=20
  c0 [label="{In|{<Out0>|<Out1>}}"]
  c5 [label="{{<In0>|<In1>}|+|{<Out0>}}"]
  c6 [label="{{<In0>}|Out}"]
  c0:Out0 -> c5:In0 [label="Double"]
  c0:Out1 -> c5:In1 [label="Double"]
  c5:Out0 -> c6:In0 [label="Double"]
}
