digraph sqr_adf {
  margin=0
  compound=true
  rankdir=LR
  node [shape=Mrecord]
  edge [fontsize=8,fontcolor=indigo]
  bgcolor=transparent
  nslimit=20
  subgraph clusterc0 { label=""; color=white; margin=0; c0 [label="{In|{<Out0>}}"] }
  subgraph clusterc27 { label=""; color=white; margin=0; c27 [label="{{<In0>|<In1>}|\×|{<Out0>}}"] }
  subgraph cluster_101 {
    margin=8
    fontsize=20
    labeljust=r
    color=DarkGreen
    c98 [label="{{<In0>|<In1>}|\×|{<Out0>}}"]
    c99 [label="{{<In0>|<In1>}|+|{<Out0>}}"]
    c97 [label="{In|{<Out0>}}"]
    c100 [label="{{<In0>}|Out}"]
    c0:Out0 -> c98:In0 [label="Double"]
    c97:Out0 -> c98:In1 [label="Double"]
    c98:Out0 -> c99:In0 [label="Double"]
    c98:Out0 -> c99:In1 [label="Double"]
    c99:Out0 -> c100:In0 [label="Double"]
  }
  subgraph clusterc102 { label=""; color=white; margin=0; c102 [label="{{<In0>|<In1>}|Out}"] }
  c0:Out0 -> c27:In0 [label="Double"]
  c0:Out0 -> c27:In1 [label="Double"]
  c27:Out0 -> c102:In0 [label="Double"]
  c100 -> c102:In1 [ltail=cluster_101,label="Double ’ Double"]
}
