digraph cos_gradr {
  margin=0
  compound=true
  rankdir=LR
  node [shape=Mrecord]
  edge [fontsize=8,fontcolor=indigo]
  bgcolor=transparent
  nslimit=20
  c0 [label="{In|{<Out0>}}"]
  c14 [label="{{<In0>}|cos|{<Out0>}}"]
  c15 [label="{{<In0>}|sin|{<Out0>}}"]
  c16 [label="{{<In0>}|negate|{<Out0>}}"]
  c26 [label="{{<In0>|<In1>}|Out}"]
  c0:Out0 -> c14:In0 [label="Double"]
  c0:Out0 -> c15:In0 [label="Double"]
  c15:Out0 -> c16:In0 [label="Double"]
  c14:Out0 -> c26:In0 [label="Double"]
  c16:Out0 -> c26:In1 [label="Double"]
}
