digraph add_adf {
  margin=0
  compound=true
  rankdir=LR
  node [shape=Mrecord]
  edge [fontsize=8,fontcolor=indigo]
  bgcolor=transparent
  nslimit=20
  subgraph clusterc0 { label=""; color=white; margin=0; c0 [label="{In|{<Out0>|<Out1>}}"] }
  subgraph clusterc1 { label=""; color=white; margin=0; c1 [label="{{<In0>|<In1>}|+|{<Out0>}}"] }
  subgraph cluster_5 {
    margin=8
    fontsize=20
    labeljust=r
    color=DarkGreen
    c3 [label="{{<In0>|<In1>}|+|{<Out0>}}"]
    c2 [label="{In|{<Out0>|<Out1>}}"]
    c4 [label="{{<In0>}|Out}"]
    c2:Out0 -> c3:In0 [label="Double"]
    c2:Out1 -> c3:In1 [label="Double"]
    c3:Out0 -> c4:In0 [label="Double"]
  }
  subgraph clusterc6 { label=""; color=white; margin=0; c6 [label="{{<In0>|<In1>}|Out}"] }
  c0:Out0 -> c1:In0 [label="Double"]
  c0:Out1 -> c1:In1 [label="Double"]
  c1:Out0 -> c6:In0 [label="Double"]
  c4 -> c6:In1 [ltail=cluster_5,label="Double × Double ’ Double"]
}
