((exl . id ***
  apply . ((coerce . exr *** const 1.0) . dup) . (id *** exr . id) . dup) .
 dup) .
(addC *** coerce . coerce . coerce . curry (dup . exr)) . dup