((exl . id ***
  apply . ((coerce . exr *** const 1.0) . dup) . (id *** exr . id) . dup) .
 dup) .
second coerce .
apply .
(curry
 ((exr ***
   coerce .
   curry mulC . apply . (curry exl . negateC . sinC . exl *** exr) . dup) .
  dup) ***
 cosC) .
dup