second coerce .
apply .
(curry
 ((exr ***
   coerce .
   curry mulC . apply . (curry exl . negateC . sinC . exl *** exr) . dup) .
  dup) ***
 cosC) .
dup