(exl . id &&& repr . exr . id) .
second repr .
apply .
(curry
 (apply .
  (curry
   (exr &&&
    apply .
    (curry
     (abst .
      apply .
      (curry (abst . apply . (exl &&& repr . exr)) .
       curry (curry (apply . (exl . exl &&& apply . (exr . exl &&& exr)))) .
       repr . repr . exr &&&
       repr . exl)) .
     abst .
     abst .
     curry mulC .
     apply . (curry exl . negate . sin . exl . exr . exl &&& exr) &&&
     apply .
     (curry
      (abst .
       apply .
       (curry (abst . apply . (exl &&& repr . exr)) .
        curry (curry (apply . (exl . exl &&& apply . (exr . exl &&& exr)))) .
        repr . repr . exr &&&
        repr . exl)) .
      exr . exr . exl &&&
      apply .
      (curry
       (abst .
        apply .
        (curry (abst . apply . (exl &&& repr . exr)) .
         curry (curry (apply . (exl . exl &&& apply . (exr . exl &&& exr)))) .
         repr . repr . exr &&&
         repr . exl)) .
       exr . exl . exl &&&
       abst . abst . curry (addC . exr))))) &&&
   cos . exl . exr)) &&&
 (mulC &&&
  apply .
  (curry (abst . apply . (exl &&& repr . exr)) .
   curry (abst . apply . (exl &&& repr . exr)) .
   curry (curry (apply . (exl . exl &&& exr) &&& apply . (exr . exl &&& exr))) .
   repr . repr . abst . abst . curry mulC . exr &&&
   abst . abst . curry mulC . exl)) .
 exl) .
((const 2.0 &&& exr) &&&
 abst .
 abst .
 curry (const 0.0 &&& apply . (exl &&& exr . exr)) .
 repr . repr . abst . abst . curry exr) .
(id &&& id)