digraph twice_adr {
  margin=0
  compound=true
  rankdir=LR
  node [shape=Mrecord]
  edge [fontsize=8,fontcolor=indigo]
  bgcolor=transparent
  nslimit=20
  subgraph clusterc0 { label=""; color=white; margin=0; c0 [label="{In|{<Out0>}}"] }
  subgraph clusterc1 { label=""; color=white; margin=0; c1 [label="{{<In0>|<In1>}|+|{<Out0>}}"] }
  subgraph cluster_34 {
    margin=8
    fontsize=20
    labeljust=r
    color=DarkGreen
    c31 [label="{In|{<Out0>}}"]
    c33 [label="{{<In0>}|Out}"]
    c32 [label="{{<In0>|<In1>}|jamP|{<Out0>}}"]
    c32:Out0 -> c33:In0 []
    c31:Out0 -> c32:In0 []
    c31:Out0 -> c32:In1 []
  }
  subgraph clusterc35 { label=""; color=white; margin=0; c35 [label="{{<In0>|<In1>}|Out}"] }
  c0:Out0 -> c1:In0 []
  c0:Out0 -> c1:In1 []
  c1:Out0 -> c35:In0 []
  c33 -> c35:In1 [ltail=cluster_34]
}
