(exl . id &&& repr . exr . id) .
(addC . (id &&& id) &&&
 repr .
 abst .
 apply .
 (curry (abst . apply . (exl &&& repr . exr)) .
  curry (curry (apply . (exl . exl &&& apply . (exr . exl &&& exr)))) .
  repr . repr &&&
  abst . curry ((id &&& id) . exr)) .
 abst .
 abst .
 curry (jamP . apply) .
 curry (exl . exr &&& apply . (exl &&& exr . exr)) .
 repr . repr . abst . abst . curry exr)