(addC *** coerce . coerce . curry (addC . exr)) . dup