((exl . id *** coerce . exr . id) . dup) .
(addC *** coerce . coerce . coerce . curry (dup . exr)) . dup