((exl . id ***
  apply . ((repr . exr *** const 1.0) . dup) . (id *** exr . id) . dup) .
 dup) .
second (id . repr) .
apply .
(curry
 ((exr ***
   abst .
   abst .
   curry mulC . apply . (curry exl . negateC . sinC . exl *** exr) . dup) .
  dup) ***
 cosC) .
dup