digraph cosSinProd {
  margin=0
  compound=true
  rankdir=LR
  node [shape=Mrecord]
  edge [fontsize=8,fontcolor=indigo]
  bgcolor=transparent
  nslimit=20
  c0 [label="{In|{<Out0>|<Out1>}}"]
  c1 [label="{{<In0>|<In1>}|\×|{<Out0>}}"]
  c2 [label="{{<In0>}|cos|{<Out0>}}"]
  c3 [label="{{<In0>}|sin|{<Out0>}}"]
  c4 [label="{{<In0>|<In1>}|Out}"]
  c0:Out0 -> c1:In0 [label="Double"]
  c0:Out1 -> c1:In1 [label="Double"]
  c1:Out0 -> c2:In0 [label="Double"]
  c1:Out0 -> c3:In0 [label="Double"]
  c2:Out0 -> c4:In0 [label="Double"]
  c3:Out0 -> c4:In1 [label="Double"]
}
