second coerce .
apply .
(curry
 ((exr ***
   coerce . curry mulC . apply . (curry exl . cosC . exl *** exr) . dup) .
  dup) ***
 sinC) .
dup