digraph cos_adf {
  margin=0
  compound=true
  rankdir=LR
  node [shape=Mrecord]
  edge [fontsize=8,fontcolor=indigo]
  bgcolor=transparent
  nslimit=20
  subgraph clusterc0 { label=""; color=white; margin=0; c0 [label="{In|{<Out0>}}"] }
  subgraph clusterc14 { label=""; color=white; margin=0; c14 [label="{{<In0>}|cos|{<Out0>}}"] }
  subgraph clusterc15 { label=""; color=white; margin=0; c15 [label="{{<In0>}|sin|{<Out0>}}"] }
  subgraph cluster_24 {
    margin=8
    fontsize=20
    labeljust=r
    color=DarkGreen
    c21 [label="{{<In0>|<In1>}|\×|{<Out0>}}"]
    c20 [label="{In|{<Out0>}}"]
    c23 [label="{{<In0>}|Out}"]
    c22 [label="{{<In0>}|negate|{<Out0>}}"]
    c15:Out0 -> c21:In0 [label="Double"]
    c20:Out0 -> c21:In1 [label="Double"]
    c22:Out0 -> c23:In0 [label="Double"]
    c21:Out0 -> c22:In0 [label="Double"]
  }
  subgraph clusterc25 { label=""; color=white; margin=0; c25 [label="{{<In0>|<In1>}|Out}"] }
  c0:Out0 -> c14:In0 [label="Double"]
  c0:Out0 -> c15:In0 [label="Double"]
  c14:Out0 -> c25:In0 [label="Double"]
  c23 -> c25:In1 [ltail=cluster_24,label="Double ’ Double"]
}
