digraph sqr_gradr {
  margin=0
  compound=true
  rankdir=LR
  node [shape=Mrecord]
  edge [fontsize=8,fontcolor=indigo]
  bgcolor=transparent
  nslimit=20
  c0 [label="{In|{<Out0>}}"]
  c53 [label="{{<In0>|<In1>}|\×|{<Out0>}}"]
  c204 [label="{{<In0>|<In1>}|+|{<Out0>}}"]
  c205 [label="{{<In0>|<In1>}|Out}"]
  c0:Out0 -> c53:In0 [label="Double"]
  c0:Out0 -> c53:In1 [label="Double"]
  c0:Out0 -> c204:In0 [label="Double"]
  c0:Out0 -> c204:In1 [label="Double"]
  c53:Out0 -> c205:In0 [label="Double"]
  c204:Out0 -> c205:In1 [label="Double"]
}
