digraph twice_gradr {
  margin=0
  compound=true
  rankdir=LR
  node [shape=Mrecord]
  edge [fontsize=8,fontcolor=indigo]
  bgcolor=transparent
  nslimit=20
  c0 [label="{In|{<Out0>}}"]
  c53 [label="{{<In0>|<In1>}|+|{<Out0>}}"]
  c101 [label="{2.0|{<Out0>}}"]
  c102 [label="{{<In0>|<In1>}|Out}"]
  c0:Out0 -> c53:In0 [label="Double"]
  c0:Out0 -> c53:In1 [label="Double"]
  c53:Out0 -> c102:In0 [label="Double"]
  c101:Out0 -> c102:In1 [label="Double"]
}
