((exl . id ***
  apply . ((repr . exr *** const 1.0) . dup) . (id *** exr . id) . dup) .
 dup) .
second (id . repr) .
apply .
((curry
  ((exl . exr ***
    apply .
    (coerce .
     curry
     (apply .
      (coerce .
       curry (apply . (exl *** repr . exr) . dup) .
       curry
       (curry
        (apply . (exl . exl *** apply . (exr . exl *** exr) . dup) . dup)) .
       repr . repr . exr ***
       repr . exl) .
      dup) .
     exr . exr ***
     exr . exl) .
    dup) .
   dup) ***
  ((mulC ***
    apply .
    ((curry
      (abst .
       apply .
       (coerce .
        curry (apply . (exl *** repr . exr) . dup) .
        curry
        (curry
         (apply . (exl . exl *** apply . (exr . exl *** exr) . dup) . dup)) .
        repr .
        apply .
        (coerce .
         curry (apply . (exl *** repr . exr) . dup) .
         curry
         (curry
          ((apply . (exl . exl *** exl . exr) . dup ***
            apply . (exr . exl *** exr . exr) . dup) .
           dup)) .
         repr . repr . exl ***
         repr . exr) .
        dup ***
        abst . curry (dup . exr)) .
       dup) .
      abst . abst . curry mulC . exr . exr ***
      abst . abst . curry mulC . exl . exr) .
     dup) .
    dup) .
   dup) .
  exl) .
 dup) .
(dup *** abst . abst . curry (addC . exr)) . dup